// Jest Snapshot v1, https://goo.gl/fbAQLP

exports[`renders renders EditCollection connected 1`] = `
<Route>
  <Component />
</Route>
`;
