// Jest Snapshot v1, https://goo.gl/fbAQLP

exports[`required provides a default message 1`] = `"This field is required"`;
