// Jest Snapshot v1, https://goo.gl/fbAQLP

exports[`render ScrollToTop with a children 1`] = `
<Route>
  <Component />
</Route>
`;
