// Jest Snapshot v1, https://goo.gl/fbAQLP

exports[`renders renders InteractionButtons Component 1`] = `
<Connect(InteractionButtons)
  deleteCollection={[Function]}
  itemData={
    Object {
      "liked": true,
      "nasaId": 123,
    }
  }
  likedCollection={[Function]}
>
  <InteractionButtons
    deleteCollection={[Function]}
    itemData={
      Object {
        "liked": true,
        "nasaId": 123,
      }
    }
    likedCollection={[Function]}
  >
    <div
      className="base"
    >
      <LikeButton
        color="red"
        onClick={[Function]}
      >
        <IconButton
          onClick={[Function]}
        >
          <Button
            className="button"
            onClick={[Function]}
          >
            <button
              className="button"
              onClick={[Function]}
            >
              <svg
                height="24"
                viewBox="0 0 24 24"
                width="24"
                xmlns="http://www.w3.org/2000/svg"
              >
                <path
                  d="M12 4.419c-2.826-5.695-11.999-4.064-11.999 3.27 0 7.27 9.903 10.938 11.999 15.311 2.096-4.373 12-8.041 12-15.311 0-7.327-9.17-8.972-12-3.27z"
                  fill="red"
                  stroke="black"
                />
              </svg>
            </button>
          </Button>
        </IconButton>
      </LikeButton>
      <DeleteButton
        onClick={[Function]}
      >
        <IconButton
          onClick={[Function]}
        >
          <Button
            className="button"
            onClick={[Function]}
          >
            <button
              className="button"
              onClick={[Function]}
            >
              <img
                alt="Add to favorite"
                src="test-file-stub"
              />
            </button>
          </Button>
        </IconButton>
      </DeleteButton>
      <EditButton
        to="/collection/edit/123"
      >
        <IconButton
          to="/collection/edit/123"
        >
          <Button
            className="button"
            to="/collection/edit/123"
          >
            <Link
              className="button"
              replace={false}
              to="/collection/edit/123"
            >
              <a
                className="button"
                href="/collection/edit/123"
                onClick={[Function]}
              >
                <img
                  alt="Edit"
                  src="test-file-stub"
                />
              </a>
            </Link>
          </Button>
        </IconButton>
      </EditButton>
    </div>
  </InteractionButtons>
</Connect(InteractionButtons)>
`;

exports[`renders renders InteractionButtons connected 1`] = `<Connect(InteractionButtons) />`;
