// Jest Snapshot v1, https://goo.gl/fbAQLP

exports[`renders renders GeneralErrorBoundary in case without error 1`] = `"I am a Child"`;
