// Jest Snapshot v1, https://goo.gl/fbAQLP

exports[`renders children 1`] = `
<footer
  className="footer"
>
  <p>
    I feel like a child
  </p>
</footer>
`;
