// Jest Snapshot v1, https://goo.gl/fbAQLP

exports[`renders renders SearchForm 1`] = `
<Route>
  <Component />
</Route>
`;
