// Jest Snapshot v1, https://goo.gl/fbAQLP

exports[`renders renders NotFound 1`] = `
<div
  className="wrapper"
>
  <p>
    Sorry, we couldn't find what you are looking for
  </p>
</div>
`;
