// Jest Snapshot v1, https://goo.gl/fbAQLP

exports[`renders Loading 1`] = `
<div
  className="spinner"
/>
`;
