// Jest Snapshot v1, https://goo.gl/fbAQLP

exports[`renders children 1`] = `
<div
  className="base"
>
  <p>
    I feel like a child
  </p>
</div>
`;
