// Jest Snapshot v1, https://goo.gl/fbAQLP

exports[`renders renders PlayMedia 1`] = `
<Route>
  <Component />
</Route>
`;
