// Jest Snapshot v1, https://goo.gl/fbAQLP

exports[`renders renders InternalError 1`] = `
<div
  className="wrapper"
>
  <h1>
    Something went wrong !!!
  </h1>
  <a
    href="/collection"
  >
    <PrimaryButton>
      Back to Collections
    </PrimaryButton>
  </a>
</div>
`;
