// Jest Snapshot v1, https://goo.gl/fbAQLP

exports[`renders renders Collections 1`] = `<Connect(Collections) />`;
